// Jest Snapshot v1, https://goo.gl/fbAQLP

exports[`ImageUploadontrol Click remove work 1`] = `
<body>
  <div>
    <div
      class="NoImage"
    >
      <button>
        undefined
      </button>
      <img />
      <button
        class="RemoveButton"
      >
        undefined
      </button>
      <label />
    </div>
  </div>
</body>
`;

exports[`ImageUploadontrol Click remove work 2`] = `
<body>
  <div>
    <div
      class="NoImage"
    >
      <button>
        undefined
      </button>
      <img />
      <button
        class="RemoveButton"
      >
        undefined
      </button>
      <label />
    </div>
  </div>
</body>
`;

exports[`ImageUploadontrol Click upload work 1`] = `
<body>
  <div>
    <div
      class="NoImage"
    >
      <button>
        undefined
      </button>
      <img />
      <button
        class="RemoveButton"
      >
        undefined
      </button>
      <label />
    </div>
  </div>
</body>
`;

exports[`ImageUploadontrol Click upload work 2`] = `
<body>
  <div>
    <div
      class="NoImage"
    >
      <button>
        undefined
      </button>
      <img />
      <button
        class="RemoveButton"
      >
        undefined
      </button>
      <label />
    </div>
  </div>
</body>
`;

exports[`ImageUploadontrol Init should work 1`] = `
<body>
  <div>
    <div
      class="NoImage"
    >
      <button>
        undefined
      </button>
      <img />
      <button
        class="RemoveButton"
      >
        undefined
      </button>
      <label />
    </div>
  </div>
</body>
`;

exports[`ImageUploadontrol Update View should Work 1`] = `
<body>
  <div>
    <div
      class="NoImage"
    >
      <button>
        undefined
      </button>
      <img />
      <button
        class="RemoveButton"
      >
        undefined
      </button>
      <label />
    </div>
  </div>
</body>
`;

exports[`ImageUploadontrol Update View with value should work 1`] = `
<body>
  <div>
    <div
      class="NoImage"
    >
      <button>
        undefined
      </button>
      <img />
      <button
        class="RemoveButton"
      >
        undefined
      </button>
      <label />
    </div>
  </div>
</body>
`;
