// Jest Snapshot v1, https://goo.gl/fbAQLP

exports[`LocalizationAPIControl Blur should Work 1`] = `
<body>
  <div>
    <div>
      <input
        type="label"
      />
      <button
        class="LocalizationSample_Button_Style"
      >
        Increment
      </button>
    </div>
  </div>
</body>
`;

exports[`LocalizationAPIControl Click should Work 1`] = `
<body>
  <div>
    <div>
      <input
        type="label"
      />
      <button
        class="LocalizationSample_Button_Style"
      >
        Increment
      </button>
    </div>
  </div>
</body>
`;

exports[`LocalizationAPIControl Click should Work 2`] = `
<body>
  <div>
    <div>
      <input
        type="label"
      />
      <button
        class="LocalizationSample_Button_Style"
      >
        Increment
      </button>
    </div>
  </div>
</body>
`;

exports[`LocalizationAPIControl Init should work 1`] = `
<body>
  <div>
    <div>
      <input
        type="label"
      />
      <button
        class="LocalizationSample_Button_Style"
      >
        Increment
      </button>
    </div>
  </div>
</body>
`;

exports[`LocalizationAPIControl Update View should Work 1`] = `
<body>
  <div>
    <div>
      <input
        type="label"
      />
      <button
        class="LocalizationSample_Button_Style"
      >
        Increment
      </button>
    </div>
  </div>
</body>
`;

exports[`LocalizationAPIControl Update View with value should work 1`] = `
<body>
  <div>
    <div>
      <input
        type="label"
      />
      <button
        class="LocalizationSample_Button_Style"
      >
        Increment
      </button>
    </div>
  </div>
</body>
`;
