// Jest Snapshot v1, https://goo.gl/fbAQLP

exports[`NavigationAPIControl Buttons should work 1`] = `
<body>
  <div>
    <div
      class="NavigationAPI"
    >
      <button
        id="openAlertDialogButton"
      >
        openAlertDialogButton
      </button>
      <button
        id="openConfirmDialogButton"
      >
        openConfirmDialogButton
      </button>
      <button
        id="openFileButton"
      >
        openFileButton
      </button>
      <button
        id="openUrlButton"
      >
        openUrlButton
      </button>
    </div>
  </div>
</body>
`;

exports[`NavigationAPIControl Buttons should work 2`] = `
<body>
  <div>
    <div
      class="NavigationAPI"
    >
      <button
        id="openAlertDialogButton"
      >
        openAlertDialogButton
      </button>
      <button
        id="openConfirmDialogButton"
      >
        openConfirmDialogButton
      </button>
      <button
        id="openFileButton"
      >
        openFileButton
      </button>
      <button
        id="openUrlButton"
      >
        openUrlButton
      </button>
    </div>
  </div>
</body>
`;

exports[`NavigationAPIControl Buttons should work 3`] = `
<body>
  <div>
    <div
      class="NavigationAPI"
    >
      <button
        id="openAlertDialogButton"
      >
        openAlertDialogButton
      </button>
      <button
        id="openConfirmDialogButton"
      >
        openConfirmDialogButton
      </button>
      <button
        id="openFileButton"
      >
        openFileButton
      </button>
      <button
        id="openUrlButton"
      >
        openUrlButton
      </button>
    </div>
  </div>
</body>
`;

exports[`NavigationAPIControl Buttons should work 4`] = `
<body>
  <div>
    <div
      class="NavigationAPI"
    >
      <button
        id="openAlertDialogButton"
      >
        openAlertDialogButton
      </button>
      <button
        id="openConfirmDialogButton"
      >
        openConfirmDialogButton
      </button>
      <button
        id="openFileButton"
      >
        openFileButton
      </button>
      <button
        id="openUrlButton"
      >
        openUrlButton
      </button>
    </div>
  </div>
</body>
`;

exports[`NavigationAPIControl Buttons should work 5`] = `
<body>
  <div>
    <div
      class="NavigationAPI"
    >
      <button
        id="openAlertDialogButton"
      >
        openAlertDialogButton
      </button>
      <button
        id="openConfirmDialogButton"
      >
        openConfirmDialogButton
      </button>
      <button
        id="openFileButton"
      >
        openFileButton
      </button>
      <button
        id="openUrlButton"
      >
        openUrlButton
      </button>
    </div>
  </div>
</body>
`;

exports[`NavigationAPIControl Destroy should work 1`] = `
<body>
  <div>
    <div
      class="NavigationAPI"
    >
      <button
        id="openAlertDialogButton"
      >
        openAlertDialogButton
      </button>
      <button
        id="openConfirmDialogButton"
      >
        openConfirmDialogButton
      </button>
      <button
        id="openFileButton"
      >
        openFileButton
      </button>
      <button
        id="openUrlButton"
      >
        openUrlButton
      </button>
    </div>
  </div>
</body>
`;

exports[`NavigationAPIControl GetOutputs should work 1`] = `
<body>
  <div>
    <div
      class="NavigationAPI"
    >
      <button
        id="openAlertDialogButton"
      >
        openAlertDialogButton
      </button>
      <button
        id="openConfirmDialogButton"
      >
        openConfirmDialogButton
      </button>
      <button
        id="openFileButton"
      >
        openFileButton
      </button>
      <button
        id="openUrlButton"
      >
        openUrlButton
      </button>
    </div>
  </div>
</body>
`;

exports[`NavigationAPIControl Init should work 1`] = `
<body>
  <div>
    <div
      class="NavigationAPI"
    >
      <button
        id="openAlertDialogButton"
      >
        openAlertDialogButton
      </button>
      <button
        id="openConfirmDialogButton"
      >
        openConfirmDialogButton
      </button>
      <button
        id="openFileButton"
      >
        openFileButton
      </button>
      <button
        id="openUrlButton"
      >
        openUrlButton
      </button>
    </div>
  </div>
</body>
`;

exports[`NavigationAPIControl Update View should Work 1`] = `
<body>
  <div>
    <div
      class="NavigationAPI"
    >
      <button
        id="openAlertDialogButton"
      >
        openAlertDialogButton
      </button>
      <button
        id="openConfirmDialogButton"
      >
        openConfirmDialogButton
      </button>
      <button
        id="openFileButton"
      >
        openFileButton
      </button>
      <button
        id="openUrlButton"
      >
        openUrlButton
      </button>
    </div>
  </div>
</body>
`;
